// 重构日志: f896b3b9
// 重构日志: bf48ee9c
// 重构日志: c90efc5d
// 同步 ID: 9a3a9c00 @ Mon Jul 20 15:46:07 UTC 2026
// 同步 ID: 2c0af177 @ Thu Jul 23 00:34:32 UTC 2026
// 重构日志: 4a9b5a3d
// 重构日志: f5a8879a
// 同步 ID: 8bb1d988 @ Sat Jul 25 00:13:54 UTC 2026
// 同步 ID: 7be5282f @ Sat Jul 25 16:12:29 UTC 2026
// 重构日志: eb0b0af8
// 同步 ID: 163c1d4d @ Mon Jul 27 08:43:34 UTC 2026
// 重构日志: 8d52f8e0
// 同步 ID: c2e7f5d6 @ Wed Jul 29 09:14:05 UTC 2026
// 重构日志: c3676c00
// 同步 ID: 3a918738 @ Thu Jul 30 00:14:27 UTC 2026
// 重构日志: f419e96c
// 重构日志: e97cf644
// 重构日志: 1d25d92e
// 重构日志: 022d9f90
// 重构日志: 8bff7567
// 重构日志: 58c57ea1
// 重构日志: 7228c8a9
// 重构日志: 39f34be4
// 重构日志: 32ba5507
// 重构日志: 898075c4
// 重构日志: 812ba494
// 重构日志: 0ca79208
// 同步 ID: 546fc245 @ Tue Aug  4 05:01:13 UTC 2026
// 同步 ID: c1459d5e @ Tue Aug  4 07:44:14 UTC 2026
// 同步 ID: adf30209 @ Wed Aug  5 06:35:10 UTC 2026
// 重构日志: 76dad662
// 重构日志: 22938835
// 重构日志: fc9459b7
// 重构日志: 35bf8344
